\BOOKMARK [1][-]{section.1}{\376\377\000O\000b\000j\000e\000c\000t\000i\000v\000e}{}% 1
\BOOKMARK [1][-]{section.2}{\376\377\000N\000o\000t\000a\000t\000i\000o\000n}{}% 2
\BOOKMARK [2][-]{subsection.2.1}{\376\377\000S\000y\000m\000b\000o\000l\000s}{section.2}% 3
\BOOKMARK [2][-]{subsection.2.2}{\376\377\000F\000u\000n\000c\000t\000i\000o\000n\000\040\000D\000e\000f\000i\000n\000i\000t\000i\000o\000n\000s}{section.2}% 4
\BOOKMARK [1][-]{section.3}{\376\377\000D\000e\000f\000i\000n\000i\000n\000g\000\040\000O\000r\000g\000a\000n\000\040\000S\000y\000s\000t\000e\000m\000\040\000D\000y\000s\000f\000u\000n\000c\000t\000i\000o\000n\000\040\000S\000c\000o\000r\000e\000s}{}% 5
\BOOKMARK [2][-]{subsection.3.1}{\376\377\000R\000e\000s\000p\000i\000r\000a\000t\000o\000r\000y}{section.3}% 6
\BOOKMARK [3][-]{subsubsection.3.1.1}{\376\377\000D\000a\000t\000a\000\040\000f\000r\000o\000m\000\040\000t\000h\000e\000\040\000E\000H\000R}{subsection.3.1}% 7
\BOOKMARK [3][-]{subsubsection.3.1.2}{\376\377\000C\000o\000n\000s\000t\000r\000u\000c\000t\000e\000d\000\040\000V\000a\000r\000i\000a\000b\000l\000e\000s}{subsection.3.1}% 8
\BOOKMARK [3][-]{subsubsection.3.1.3}{\376\377\000R\000e\000s\000p\000i\000r\000a\000t\000o\000r\000y\000\040\000O\000r\000g\000a\000n\000\040\000D\000y\000s\000f\000u\000n\000c\000t\000i\000o\000n\000\040\000S\000c\000o\000r\000e}{subsection.3.1}% 9
\BOOKMARK [2][-]{subsection.3.2}{\376\377\000C\000a\000r\000d\000i\000o\000v\000a\000s\000c\000u\000l\000a\000r}{section.3}% 10
\BOOKMARK [3][-]{subsubsection.3.2.1}{\376\377\000D\000a\000t\000a\000\040\000f\000r\000o\000m\000\040\000t\000h\000e\000\040\000E\000H\000R}{subsection.3.2}% 11
\BOOKMARK [3][-]{subsubsection.3.2.2}{\376\377\000C\000o\000n\000s\000t\000r\000u\000c\000t\000e\000d\000\040\000V\000a\000r\000i\000a\000b\000l\000e}{subsection.3.2}% 12
\BOOKMARK [3][-]{subsubsection.3.2.3}{\376\377\000C\000a\000r\000d\000i\000o\000v\000a\000s\000c\000u\000l\000a\000r\000\040\000D\000y\000s\000f\000u\000n\000c\000t\000i\000o\000n\000\040\000S\000c\000o\000r\000e}{subsection.3.2}% 13
\BOOKMARK [2][-]{subsection.3.3}{\376\377\000N\000e\000u\000r\000o\000l\000o\000g\000i\000c\000a\000l}{section.3}% 14
\BOOKMARK [3][-]{subsubsection.3.3.1}{\376\377\000D\000a\000t\000a\000\040\000f\000r\000o\000m\000\040\000t\000h\000e\000\040\000E\000H\000R}{subsection.3.3}% 15
\BOOKMARK [3][-]{subsubsection.3.3.2}{\376\377\000C\000o\000n\000s\000t\000r\000u\000c\000t\000e\000d\000\040\000V\000a\000r\000i\000a\000b\000l\000e}{subsection.3.3}% 16
\BOOKMARK [3][-]{subsubsection.3.3.3}{\376\377\000N\000e\000u\000r\000o\000l\000o\000g\000i\000c\000a\000l\000\040\000O\000r\000g\000a\000n\000\040\000D\000y\000s\000f\000u\000n\000c\000t\000i\000o\000n\000\040\000S\000c\000o\000r\000e}{subsection.3.3}% 17
\BOOKMARK [2][-]{subsection.3.4}{\376\377\000C\000o\000a\000g\000u\000l\000a\000t\000i\000o\000n}{section.3}% 18
\BOOKMARK [3][-]{subsubsection.3.4.1}{\376\377\000D\000a\000t\000a\000\040\000f\000r\000o\000m\000\040\000t\000h\000e\000\040\000E\000H\000R}{subsection.3.4}% 19
\BOOKMARK [3][-]{subsubsection.3.4.2}{\376\377\000C\000o\000n\000s\000t\000r\000u\000c\000t\000e\000d\000\040\000V\000a\000r\000i\000a\000b\000l\000e}{subsection.3.4}% 20
\BOOKMARK [3][-]{subsubsection.3.4.3}{\376\377\000C\000o\000a\000g\000u\000l\000a\000t\000i\000o\000n\000\040\000O\000r\000g\000a\000n\000\040\000D\000y\000s\000f\000u\000n\000c\000t\000i\000o\000n\000\040\000S\000c\000o\000r\000e}{subsection.3.4}% 21
\BOOKMARK [2][-]{subsection.3.5}{\376\377\000E\000n\000d\000o\000c\000r\000i\000n\000e}{section.3}% 22
\BOOKMARK [3][-]{subsubsection.3.5.1}{\376\377\000D\000a\000t\000a\000\040\000f\000r\000o\000m\000\040\000t\000h\000e\000\040\000E\000H\000R}{subsection.3.5}% 23
\BOOKMARK [3][-]{subsubsection.3.5.2}{\376\377\000C\000o\000n\000s\000t\000r\000u\000c\000t\000e\000d\000\040\000V\000a\000r\000i\000a\000b\000l\000e\000s}{subsection.3.5}% 24
\BOOKMARK [3][-]{subsubsection.3.5.3}{\376\377\000E\000n\000d\000o\000c\000r\000i\000n\000e\000\040\000O\000r\000g\000a\000n\000\040\000D\000y\000s\000f\000u\000n\000c\000t\000i\000o\000n\000\040\000S\000c\000o\000r\000e}{subsection.3.5}% 25
\BOOKMARK [2][-]{subsection.3.6}{\376\377\000I\000m\000m\000u\000n\000o\000l\000o\000g\000i\000c}{section.3}% 26
\BOOKMARK [3][-]{subsubsection.3.6.1}{\376\377\000D\000a\000t\000a\000\040\000f\000r\000o\000m\000\040\000t\000h\000e\000\040\000E\000H\000R}{subsection.3.6}% 27
\BOOKMARK [3][-]{subsubsection.3.6.2}{\376\377\000C\000o\000n\000s\000t\000r\000u\000c\000t\000e\000d\000\040\000V\000a\000r\000i\000a\000b\000l\000e\000s}{subsection.3.6}% 28
\BOOKMARK [3][-]{subsubsection.3.6.3}{\376\377\000I\000m\000m\000u\000n\000o\000l\000o\000g\000i\000c\000\040\000O\000r\000g\000a\000n\000\040\000D\000y\000s\000f\000u\000n\000c\000t\000i\000o\000n\000\040\000S\000c\000o\000r\000e}{subsection.3.6}% 29
\BOOKMARK [2][-]{subsection.3.7}{\376\377\000H\000e\000p\000a\000t\000i\000c}{section.3}% 30
\BOOKMARK [3][-]{subsubsection.3.7.1}{\376\377\000D\000a\000t\000a\000\040\000f\000r\000o\000m\000\040\000t\000h\000e\000\040\000E\000H\000R}{subsection.3.7}% 31
\BOOKMARK [3][-]{subsubsection.3.7.2}{\376\377\000C\000o\000n\000s\000t\000r\000u\000c\000t\000e\000d\000\040\000V\000a\000r\000i\000a\000b\000l\000e\000s}{subsection.3.7}% 32
\BOOKMARK [3][-]{subsubsection.3.7.3}{\376\377\000H\000e\000p\000a\000t\000i\000c\000\040\000O\000r\000g\000a\000n\000\040\000D\000y\000s\000f\000u\000n\000c\000t\000i\000o\000n\000\040\000S\000c\000o\000r\000e}{subsection.3.7}% 33
\BOOKMARK [2][-]{subsection.3.8}{\376\377\000R\000e\000n\000a\000l}{section.3}% 34
\BOOKMARK [3][-]{subsubsection.3.8.1}{\376\377\000D\000a\000t\000a\000\040\000f\000r\000o\000m\000\040\000t\000h\000e\000\040\000E\000H\000R}{subsection.3.8}% 35
\BOOKMARK [3][-]{subsubsection.3.8.2}{\376\377\000C\000o\000n\000s\000t\000r\000u\000c\000t\000e\000d\000\040\000V\000a\000r\000i\000a\000b\000l\000e\000s}{subsection.3.8}% 36
\BOOKMARK [3][-]{subsubsection.3.8.3}{\376\377\000R\000e\000n\000a\000l\000\040\000O\000r\000g\000a\000n\000\040\000D\000y\000s\000f\000u\000n\000c\000t\000i\000o\000n\000\040\000S\000c\000o\000r\000e}{subsection.3.8}% 37
\BOOKMARK [1][-]{section.4}{\376\377\000S\000u\000s\000p\000e\000c\000t\000e\000d\000\040\000I\000n\000f\000e\000c\000t\000i\000o\000n}{}% 38
\BOOKMARK [1][-]{section.5}{\376\377\000O\000r\000g\000a\000n\000\040\000D\000y\000s\000f\000u\000n\000c\000t\000i\000o\000n\000\040\000S\000u\000m\000m\000a\000r\000y\000\040\000S\000c\000o\000r\000e\000\040\000a\000n\000d\000\040\000P\000h\000o\000e\000n\000i\000x\000\040\000S\000e\000p\000s\000i\000s\000\040\000S\000c\000o\000r\000e}{}% 39
\BOOKMARK [1][-]{section.6}{\376\377\000E\000x\000p\000l\000o\000r\000a\000t\000o\000r\000y\000\040\000A\000g\000g\000r\000e\000g\000a\000t\000i\000o\000n\000\040\000S\000c\000h\000e\000m\000e\000s}{}% 40
\BOOKMARK [2][-]{subsection.6.1}{\376\377\000O\000r\000g\000a\000n\000-\000L\000e\000v\000e\000l\000\040\000M\000a\000x\000i\000m\000a}{section.6}% 41
\BOOKMARK [2][-]{subsection.6.2}{\376\377\000O\000r\000g\000a\000n\000-\000L\000e\000v\000e\000l\000\040\000+\000\040\000C\000a\000r\000d\000i\000o\000v\000a\000s\000c\000u\000l\000a\000r\000\040\000C\000o\000m\000p\000o\000n\000e\000n\000t\000\040\000D\000e\000c\000o\000u\000p\000l\000i\000n\000g}{section.6}% 42
\BOOKMARK [2][-]{subsection.6.3}{\376\377\000F\000u\000l\000l\000\040\000C\000o\000m\000p\000o\000n\000e\000n\000t\000\040\000D\000e\000c\000o\000u\000p\000l\000i\000n\000g}{section.6}% 43
